// Jest Snapshot v1, https://goo.gl/fbAQLP

exports[`--help attribute shows help 1`] = `
"\`sfdx-lwc-jest [options]\` runs Jest unit tests in SFDX workspace

Options:
      --version              Show version number                       [boolean]
      --coverage             Collect coverage and display in output
                                                      [boolean] [default: false]
  -u, --updateSnapshot       Re-record every snapshot that fails during a test
                             run                      [boolean] [default: false]
      --verbose              Display individual test results with the test suite
                             hierarchy                [boolean] [default: false]
      --watch                Watch files for changes and rerun tests related to
                             changed files            [boolean] [default: false]
      --debug                Run tests in debug mode
                             (https://jestjs.io/docs/en/troubleshooting)
                                                      [boolean] [default: false]
      --skipApiVersionCheck  Disable the \\"sourceApiVersion\\" field check before
                             running tests. **Warning** By disabling this check
                             you risk running tests against stale versions of
                             the framework. See details here:
                             https://github.com/salesforce/sfdx-lwc-jest#disabli
                             ng-the-sourceApiVersion-check
                                                      [boolean] [default: false]
      --help                 Show help                                 [boolean]

Examples:
  sfdx-lwc-jest --coverage  Collect coverage and display in output
  sfdx-lwc-jest -- --json   All params after \`--\` are directly passed to Jest
"
`;
